Running Gradle task 'assembleRelease'...                        
flutter : lib/presentation/p
ages/planner_page.dart:522:4
9: Error: Can't find ']' to 
match '['.
At line:1 char:1
+ flutter build apk 
--release 2>&1 | Tee-Object 
-FilePath build_output. ...
+ ~~~~~~~~~~~~~~~~~~~~~~~~~~
~~~~~~
    + CategoryInfo          
    : NotSpecified: (lib/p  
  resentatio...' to match   
  '['.:String) [], Remot    
eException
    + FullyQualifiedErrorId 
    : NativeCommandError
 
                            
          children: [
                            
                    ^
lib/presentation/pages/plann
er_page.dart:517:49: Error: 
Can't find ')' to match '('.
                            
      child: Padding(
                            
                    ^
lib/presentation/pages/plann
er_page.dart:512:37: Error: 
Can't find ')' to match '('.
                            
    Card(
                            
        ^
lib/presentation/pages/plann
er_page.dart:517:49: Error: 
Too many positional 
arguments: 0 allowed, but 2 
found.
Try removing the extra 
positional arguments.
                            
      child: Padding(
                            
                    ^
../flutter/packages/flutter/
lib/src/widgets/basic.dart:2
244:9: Context: Found this 
candidate, but the 
arguments don't match.
  const Padding({super.key, 
required this.padding, 
super.child});
        ^^^^^^^
Target 
kernel_snapshot_program 
failed: Exception


FAILURE: Build failed with 
an exception.

* What went wrong:
Execution failed for task ':
app:compileFlutterBuildRelea
se'.
> Process 'command 'C:\Users
\anoua\flutter\bin\flutter.b
at'' finished with non-zero 
exit value 1

* Try:
> Run with --stacktrace 
option to get the stack 
trace.
> Run with --info or 
--debug option to get more 
log output.
> Run with --scan to get 
full insights.
> Get more help at 
https://help.gradle.org.

BUILD FAILED in 29s
Running Gradle task 'assembleRelease'...                           29.5s
Gradle task assembleRelease 
failed with exit code 1
